---
source: tests/schema_roundtrip_and_snapshots.rs
expression: unified
---
{
  "device_id": "device-001",
  "level": "info",
  "category": "system",
  "title": "schema-test",
  "event": {
    "event_type": "RecipeStageChanged",
    "recipe_id": "recipe-lettuce-a",
    "recipe_name": "Lettuce A",
    "source": "scheduler",
    "from_stage_id": "seedling",
    "from_stage_name": "Seedling",
    "to_stage_id": "veg",
    "to_stage_name": "Vegetative",
    "cycle_id": "recipe-cycle-003"
  },
  "timestamp_ms": 1717171717000
}
